[debug] [2025-10-07T22:50:43.198Z] [Firebase Plugin] Activating Firebase extension.
[debug] [2025-10-07T22:51:01.583Z] [Firebase Plugin] requireAuthWrapper
[debug] [2025-10-07T22:51:01.586Z] > command requires scopes: ["email","openid","https://www.googleapis.com/auth/cloudplatformprojects.readonly","https://www.googleapis.com/auth/firebase","https://www.googleapis.com/auth/cloud-platform"]
[debug] [2025-10-07T22:51:01.587Z] > authorizing via signed-in user (nelson.mark.a@gmail.com)
[debug] [2025-10-07T22:51:01.592Z] Checked if tokens are valid: false, expires at: 1759874152855
[debug] [2025-10-07T22:51:01.593Z] Checked if tokens are valid: false, expires at: 1759874152855
[debug] [2025-10-07T22:51:01.594Z] > refreshing access token with scopes: []
[debug] [2025-10-07T22:51:01.597Z] >>> [apiv2][query] POST https://www.googleapis.com/oauth2/v3/token [none]
[debug] [2025-10-07T22:51:01.598Z] >>> [apiv2][body] POST https://www.googleapis.com/oauth2/v3/token [omitted]
[debug] [2025-10-07T22:51:01.702Z] [Firebase Plugin] VSCode notification server listening on port 40001
[debug] [2025-10-07T22:51:02.086Z] <<< [apiv2][status] POST https://www.googleapis.com/oauth2/v3/token 200
[debug] [2025-10-07T22:51:02.087Z] <<< [apiv2][body] POST https://www.googleapis.com/oauth2/v3/token [omitted]
[debug] [2025-10-07T22:51:02.112Z] [Firebase Plugin] User found:  nelson.mark.a@gmail.com
[info] [Firebase Plugin] (Core:Project) New user detected, fetching projects
[debug] [2025-10-07T22:51:02.116Z] Checked if tokens are valid: true, expires at: 1759881061088
[debug] [2025-10-07T22:51:02.124Z] >>> [apiv2][query] GET https://firebase.googleapis.com/v1beta1/projects pageSize=1000
[info] [Firebase Plugin] Starting Data Connect toolkit (version 2.13.0) on port 50001
[info] i  dataconnect: downloading dataconnect-emulator-2.13.0... {"metadata":{"emulator":{"name":"dataconnect"},"message":"downloading dataconnect-emulator-2.13.0..."}}
[debug] [2025-10-07T22:51:03.340Z] >>> [apiv2][query] GET https://storage.googleapis.com/firemat-preview-drop/emulator/dataconnect-emulator-linux-v2.13.0 
[debug] [2025-10-07T22:51:03.605Z] <<< [apiv2][status] GET https://firebase.googleapis.com/v1beta1/projects 200
[debug] [2025-10-07T22:51:03.607Z] <<< [apiv2][body] GET https://firebase.googleapis.com/v1beta1/projects [omitted]
[debug] [2025-10-07T22:51:03.704Z] <<< [apiv2][status] GET https://storage.googleapis.com/firemat-preview-drop/emulator/dataconnect-emulator-linux-v2.13.0 200
[debug] [2025-10-07T22:51:03.704Z] <<< [apiv2][body] GET https://storage.googleapis.com/firemat-preview-drop/emulator/dataconnect-emulator-linux-v2.13.0 [stream]
[info] i  dataconnect: Removing outdated emulator files: dataconnect-emulator-2.14.0 {"metadata":{"emulator":{"name":"dataconnect"},"message":"Removing outdated emulator files: dataconnect-emulator-2.14.0"}}
[debug] [2025-10-07T22:51:08.422Z] W1007 22:51:08.406867   78471 control.go:68] [/emulator/wishlist-wizard-react-project d03f] connector "example" has errors: example/mutations.gql:6:3: mutation.UpsertUser.user_upsert (data: User_Data): column createdAt is required but is missing in data

sources: example/mutations.gql [408B] example/queries.gql [431B] 
I1007 22:51:08.416102   78471 control.go:94] [/emulator/wishlist-wizard-react-project d03f] UpdateResources(): done
Schema: sources: schema/schema.gql [243B] 
Connector "example": sources: example/mutations.gql [408B] example/queries.gql [431B] 
 {"metadata":{"emulator":{"name":"dataconnect"},"message":"W1007 22:51:08.406867   78471 control.go:68] [/emulator/wishlist-wizard-react-project d03f] connector \"example\" has errors: example/mutations.gql:6:3: mutation.UpsertUser.user_upsert (data: User_Data): column createdAt is required but is missing in data\n\nsources: example/mutations.gql [408B] example/queries.gql [431B] \nI1007 22:51:08.416102   78471 control.go:94] [/emulator/wishlist-wizard-react-project d03f] UpdateResources(): done\nSchema: sources: schema/schema.gql [243B] \nConnector \"example\": sources: example/mutations.gql [408B] example/queries.gql [431B] \n"}}
[debug] [2025-10-07T22:51:08.426Z] Ignoring unsupported arg: auto_download {"metadata":{"emulator":{"name":"dataconnect"},"message":"Ignoring unsupported arg: auto_download"}}
[debug] [2025-10-07T22:51:08.427Z] Ignoring unsupported arg: port {"metadata":{"emulator":{"name":"dataconnect"},"message":"Ignoring unsupported arg: port"}}
[debug] [2025-10-07T22:51:08.428Z] Starting Data Connect Emulator with command {"binary":"/home/codespace/.cache/firebase/emulators/dataconnect-emulator-2.13.0","args":["--logtostderr","-v=2","dev","--listen=localhost:50001","--config_dir=/workspaces/wishlist-wizard-react-project/dataconnect","--enable_output_schema_extensions=true","--enable_output_generated_sdk=true"],"optionalArgs":["listen","config_dir","enable_output_schema_extensions","enable_output_generated_sdk"],"joinArgs":true,"shell":false,"port":9399} {"metadata":{"emulator":{"name":"dataconnect"},"message":"Starting Data Connect Emulator with command {\"binary\":\"/home/codespace/.cache/firebase/emulators/dataconnect-emulator-2.13.0\",\"args\":[\"--logtostderr\",\"-v=2\",\"dev\",\"--listen=localhost:50001\",\"--config_dir=/workspaces/wishlist-wizard-react-project/dataconnect\",\"--enable_output_schema_extensions=true\",\"--enable_output_generated_sdk=true\"],\"optionalArgs\":[\"listen\",\"config_dir\",\"enable_output_schema_extensions\",\"enable_output_generated_sdk\"],\"joinArgs\":true,\"shell\":false,\"port\":9399}"}}
[info] i  dataconnect: Data Connect Emulator logging to dataconnect-debug.log {"metadata":{"emulator":{"name":"dataconnect"},"message":"Data Connect Emulator logging to dataconnect-debug.log"}}
[debug] [2025-10-07T22:51:08.564Z] I1007 22:51:08.501041   78477 load.go:31] Reloading schema and connectors...
 {"metadata":{"emulator":{"name":"dataconnect"},"message":"I1007 22:51:08.501041   78477 load.go:31] Reloading schema and connectors...\n"}}
[debug] [2025-10-07T22:51:08.768Z] W1007 22:51:08.658631   78477 control.go:68] [/emulator/wishlist-wizard-react-project 734d] connector "example" has errors: example/mutations.gql:6:3: mutation.UpsertUser.user_upsert (data: User_Data): column createdAt is required but is missing in data

sources: example/mutations.gql [408B] example/queries.gql [431B] 
I1007 22:51:08.658680   78477 control.go:94] [/emulator/wishlist-wizard-react-project 734d] UpdateResources(): done
Schema: sources: schema/schema.gql [243B] 
Connector "example": sources: example/mutations.gql [408B] example/queries.gql [431B] 
E1007 22:51:08.663450   78477 load.go:73] Could not load sources: 
Errors: example/mutations.gql:6:3: mutation.UpsertUser.user_upsert (data: User_Data): column createdAt is required but is missing in data
I1007 22:51:08.670968   78477 collector.go:107] schema extensions wrote into "/workspaces/wishlist-wizard-react-project/dataconnect/.dataconnect/schema"
Generated sources: prelude.gql [73251B] main/implicit.gql [734B] main/input.gql [16364B] main/relation.gql [6820B] main/query.gql [2454B] main/mutation.gql [6525B] 
I1007 22:51:08.671029   78477 load.go:74] Finished reloading
I1007 22:51:08.673425   78477 dev.go:102] Listening on address (HTTP + gRPC): 127.0.0.1:50001
 {"metadata":{"emulator":{"name":"dataconnect"},"message":"W1007 22:51:08.658631   78477 control.go:68] [/emulator/wishlist-wizard-react-project 734d] connector \"example\" has errors: example/mutations.gql:6:3: mutation.UpsertUser.user_upsert (data: User_Data): column createdAt is required but is missing in data\n\nsources: example/mutations.gql [408B] example/queries.gql [431B] \nI1007 22:51:08.658680   78477 control.go:94] [/emulator/wishlist-wizard-react-project 734d] UpdateResources(): done\nSchema: sources: schema/schema.gql [243B] \nConnector \"example\": sources: example/mutations.gql [408B] example/queries.gql [431B] \nE1007 22:51:08.663450   78477 load.go:73] Could not load sources: \nErrors: example/mutations.gql:6:3: mutation.UpsertUser.user_upsert (data: User_Data): column createdAt is required but is missing in data\nI1007 22:51:08.670968   78477 collector.go:107] schema extensions wrote into \"/workspaces/wishlist-wizard-react-project/dataconnect/.dataconnect/schema\"\nGenerated sources: prelude.gql [73251B] main/implicit.gql [734B] main/input.gql [16364B] main/relation.gql [6820B] main/query.gql [2454B] main/mutation.gql [6525B] \nI1007 22:51:08.671029   78477 load.go:74] Finished reloading\nI1007 22:51:08.673425   78477 dev.go:102] Listening on address (HTTP + gRPC): 127.0.0.1:50001\n"}}
[debug] [2025-10-07T22:51:08.880Z] I1007 22:51:08.857360   78477 engine.go:169] [/emulator/wishlist-wizard-react-project 734d] ExecuteGraphqlRead IntrospectionQuery: succeeded. 
 {"metadata":{"emulator":{"name":"dataconnect"},"message":"I1007 22:51:08.857360   78477 engine.go:169] [/emulator/wishlist-wizard-react-project 734d] ExecuteGraphqlRead IntrospectionQuery: succeeded. \n"}}
